ABP ABV ABG ABF ABK 570.66
ABH ABW AAC 328.17
AAD ABX AAH ABQ AAX AAT ABK ABB 1174.72
ABF AAZ ABM 330.79
AAD ABX AAH ABV ABD ABN AAF 1110.34
ABH AAM ABT AAU 105.60
ABH AAM ABG ABV ABP 454.61
ABA AAX AAT AAV AAW 458.64
AAD ABX AAH 657.18
ABF ABG AAM ABH 363.28
