AAM
ABE
ACH
AAL
AAH
ABA
ABX
ACK
AAI
ADC
ACR
ADD
AAW
AAU
ACJ
ACD
AAP
AAA
ACI
AAX
AAS
ACG
ACS
ABC
ACM
ADL
ADE
ADA
ACV
ADR
ADH
AAK
AAB
AAN
ABK
ACA
ABL
ABF
ABH
ACP
ACC
ADM
ABO
ACL
ABY
ADV
ACQ
ACF
ABM
AAJ
AAZ
AAC
ACW
ABT
ADF
ACE
ABD
ADQ
ABJ
ABS
ABZ
ADS
ADU
ABI
AAV
ABB
AAQ
ACY
ACT
ADO
ADB
AAG
AAR
ACU
ABP
ADJ
AAO
ACZ
ABR
ACN
AAY
AAF
ADG
AAD
ACO
ABG
ABU
ABW
AAT
ADP
ADI
ADK
ADN
ACX
AAE
ABV
ABN
ADT
ABQ
ACB
