BSO
BQE
APQ
BAT
BSD
ANM
AEN
BTZ
CFG
AAG
BYA
ATF
BSL
CBG
AAN
AHU
ASG
CNR
AIZ
AUJ
CSZ
ABX
CGR
BWW
CVT
CPD
CTZ
CPA
ATH
AJT
BIE
BZR
ADC
BPS
CJV
BDG
ALI
CIA
AMG
CLY
BMS
BAH
CAJ
CKN
CRC
CAW
BTK
CNT
COK
AYO
CMC
AES
ADI
COU
CEJ
BIC
BWP
COY
CQC
ACO
CYU
CNW
CVW
BUP
ABK
BMB
AYG
BAB
CKS
BTT
CWY
CAM
BAM
ALV
CJR
AXC
BWI
BHB
BQP
CUD
AKW
BIQ
BBC
BDT
ANI
AJG
CKQ
ASU
BEA
AAC
CBD
CEL
BXT
CIJ
CCG
ARL
CTQ
CBU
BCA
CYJ
CNH
ALW
CLS
AVZ
CSP
AUO
AQR
BZB
AIE
BQH
COB
APL
BIX
AGV
CWQ
AUM
CUW
BSN
BUT
AEE
CUX
BLD
BCS
ALK
ASJ
BBP
BKK
BOM
CPZ
COC
CVD
BKN
BRT
CES
CDL
CSU
AMH
BLM
CMF
AJD
BOF
BEI
CGX
CRK
BVR
AIH
BUI
AFB
CUC
BBG
BUK
CPO
BMX
AKP
BCV
AKN
BDQ
ANK
BPX
APN
CCR
AUB
AKO
CKE
AJM
AOC
BBZ
BXP
AFA
BLS
BNW
BDC
ANS
BEU
CXH
BKI
CBA
CNB
BLP
CJK
CBT
CYB
BOE
BLO
BZJ
CFV
BTU
AYJ
BAO
BYK
BUY
CHJ
BAY
BTS
ARM
BUD
CYP
CRD
CRI
BSW
ATI
BJX
AZC
BEL
CFZ
CEA
CJM
ANQ
COH
BRN
CLO
BPK
AGG
CMY
BSP
AFF
ALD
BXG
BOG
BCE
CJF
BAJ
BGS
BKJ
CTG
CPU
BYI
CUU
BQC
BCW
BTQ
CLE
CCJ
BKD
CCF
AEY
CUZ
BNG
BYL
BQL
AJA
BTA
CBL
AZK
CEQ
ANB
BBW
AEG
BFQ
CDB
AVI
BAN
BCT
BEF
CAX
CVA
ADH
BHI
CBJ
CEM
AAM
BPQ
ADU
BFA
CFD
CKA
AAP
AZY
BUR
BYO
CEH
BTR
CIY
BAC
BLR
CAV
CUM
CAH
ANV
ABE
BWD
BBD
BIH
AFU
CRA
BDP
CNN
BVH
CTO
BFF
CUS
BKE
BGY
AER
AGS
BLQ
BWY
CXJ
ARZ
BAK
CNU
BDZ
AQJ
CXX
CDI
BMP
BIK
ACH
AJE
BXM
AZL
BAZ
AMX
BRU
CIX
AXD
BVL
AQM
BUS
BLZ
CNV
AOE
CFP
ACZ
CAI
BRJ
BNV
CXW
CWD
BZE
AUD
CEY
CLF
ANF
APY
CQJ
BAA
BTG
CBB
AUU
BVY
CCV
ATX
CSB
CFT
COI
CRX
BAX
BWQ
BZA
BHL
AVG
CBW
ABD
BNI
CVP
CIO
BYC
AAS
BBR
CDP
AEF
CNI
CCN
ACR
ALZ
BKO
AQP
AIP
APU
BCO
BON
CSW
CXB
CAS
ASX
BDR
BBU
CCL
CCI
CRZ
CHO
CXU
BAQ
AUR
AVY
BNX
CLZ
BRX
CRB
ADW
BGC
BRC
CVK
CIP
BUL
BQM
CSC
AVR
COD
AAF
AEQ
BFT
BXS
AJS
CVX
AAV
CVI
BCI
ABL
AUH
CRF
BOQ
ASN
BPB
ATQ
CBE
AXZ
BKZ
CXP
AAY
BXN
BII
CJP
BRV
AYR
BPI
CVM
CPH
AAX
BTH
ABO
CUI
AGO
BUJ
CON
AMD
AWJ
ARY
AMR
CEW
ADS
AQN
CWB
AEI
CGU
BTM
ADQ
BVC
CDC
CJY
AVP
BWR
CYH
BJU
CHL
AMW
AIY
AJY
BOJ
BQW
CRL
BPC
APD
BVG
CTX
AWC
APO
BCP
CBZ
CAQ
ADL
AXY
CHX
ASQ
CGE
BHN
CWN
AUQ
AFS
BLW
AMP
AIR
BJW
CKV
BXK
AKI
AQO
BHP
CUF
AAK
BTW
CTC
AWL
AUZ
BUM
ALT
CAB
BPT
BRE
CSN
CPX
BSI
BMH
AAO
COO
APW
CBR
BGL
ATY
BWJ
AJI
BQG
ACB
BGV
AFE
CPJ
AWH
BJG
BOP
CWU
AZM
BCF
CIN
CAT
AXQ
CSJ
BEC
ASF
BJZ
CUB
CBI
BRQ
CCQ
AZH
CCM
COX
CWO
CTP
AND
CIQ
CLU
AWX
BVA
BEO
CYI
AGN
CCD
COZ
ANA
ARN
BVQ
CIM
BDH
CUP
BZC
ALB
AKB
BKQ
BDM
CGA
CUV
BPF
CKH
CXF
CNL
BUU
CXS
CLQ
CPF
CIB
BJN
CKB
BOI
BWN
CLH
BFW
AJW
CJN
BWE
CHF
BTI
BDO
BUA
BGA
AAU
AAH
AOS
BRP
CLW
AVQ
AMJ
ACP
ACE
ALF
ASE
BUV
BNL
BHV
CCE
CGP
AXN
BNH
BPW
BJR
CDU
AME
ANX
CCB
CPL
BSB
AQE
BIA
CKJ
AWK
BUO
CMZ
CUT
AEW
BSR
AXV
ARD
CVZ
BCJ
BEJ
AEM
AQQ
BDI
BFV
AZA
AAL
AGZ
ARJ
APS
BLJ
BWX
BYD
AWA
BOW
BBL
BIY
ABS
CWW
AAA
ARQ
BCH
CXG
AEL
AHO
AIT
CVJ
BNJ
BPH
CQN
CCC
BMD
AFN
AKL
CYA
CCA
AYV
CBX
ASI
BUZ
BDD
CQG
AMY
AVM
CCS
BTO
BJI
AJL
CME
BAD
CHS
BLN
BIU
AUY
CXY
AOH
CVO
AHC
BZK
ARP
BQK
AKZ
BLE
CPW
AUW
ARO
AWB
CSQ
BGJ
CTB
CWG
BBY
AYC
AWI
BAV
BZV
CKK
BGE
CXL
BST
CHQ
AGM
BVI
CIF
CLI
BRK
BUH
CGT
AMS
CXC
BMR
BNA
BRO
CYD
BHQ
ATL
AFW
ASC
ABB
AMI
AKC
BQQ
APB
AMO
ATV
CDG
BMC
CRN
CBK
CTF
CAK
AFY
BOY
CJO
BYH
ANJ
AXR
AYW
AIX
APX
BQY
CYT
AMB
BOL
CSF
CCK
CPQ
AGW
AMZ
CDA
CBO
CVF
ALA
APM
BXF
CIU
ATA
AIU
AEK
ACI
ARF
AGL
BFK
AHA
AKE
AUP
CFB
BNM
CKZ
AMC
BMU
AJF
AZX
BUN
AMN
AIB
AGX
BBN
AWU
CST
CFI
CWA
AMT
CEK
ARA
CRE
CSA
AEH
AGA
BTN
ABR
CWK
CKG
BNK
CTS
CUR
AVW
BRM
CIV
CJT
CQO
ARH
AAT
AKQ
BOU
AHB
AJO
AID
CYF
BZF
BZO
CQX
AOD
BHX
CJA
CKO
BQV
AQY
CAF
AIS
ASW
AOZ
AEB
AHV
BIG
COM
AKJ
BFU
ADA
ASM
ADE
APV
AWF
ADX
API
CTA
AYK
CDN
AGK
BTC
BBV
AQT
ARK
CHI
BTB
BSA
CGK
AXT
CJD
CIR
COR
ALX
CYR
BEW
CMG
ACQ
BML
BMN
CCY
BGG
CVV
BYJ
AIG
AMV
CLP
BBQ
CQS
BDE
BFY
BKH
AVS
AEU
BZX
AYU
BGN
BJV
CDR
BHE
BJP
AHN
BMM
CAU
AHQ
CPP
BVF
AJU
CGI
CJQ
AIO
BKX
CSD
BWL
CDD
AFJ
APJ
AMA
BJH
BVK
AVT
BCU
AKS
ATN
ADM
AAZ
AJJ
AXS
AGP
BWG
AGB
AYP
AVU
AHY
AZU
BMT
BCN
BMF
CER
CJL
CMH
AON
CSY
AHR
CTM
ARV
BMO
AAR
AOA
CGW
AVO
BFG
BTE
AQW
CJG
AHH
BLT
BOV
ALE
APR
BFE
BMQ
CHH
BMZ
CXD
AGQ
AUL
AHD
BGK
BCK
CYO
ANT
CQH
ARR
CIW
AJP
APG
BYB
CKW
ATR
BVT
ANE
BNO
BTF
BET
BSE
BMI
CMQ
BTD
BNC
CAL
CGZ
CWJ
COV
AJN
AHI
CLL
BIB
AZQ
CQF
BGT
COF
BGI
CPE
AZJ
BME
CDK
CUO
AXM
BAL
ALQ
ATJ
BSZ
CRH
BYQ
BOR
CUA
AGD
BIZ
CSM
CHT
CTV
AKX
CUK
CRJ
BYR
BVJ
CCH
CPR
BPD
AFZ
CLG
BPM
BRD
CDQ
AUS
AEJ
BFI
AQK
CHR
AUI
BVN
BPG
BPE
CDS
AVD
CBM
ARS
CRR
BXE
CNX
BXH
CPK
BQZ
CMI
AAW
BFR
BKY
ATC
CVU
BNE
CBP
BEB
BXR
BDA
CQQ
BFD
AIL
AJH
BLI
BLV
BYZ
AIC
AYB
ABV
BNT
CNM
AAI
CFR
CRO
BZI
BXZ
BJF
CDO
BIT
CGB
BND
BHA
AOP
BRA
AGU
AQD
BVB
BDV
CKM
COE
AKU
CDJ
CQL
BJA
AFX
ATP
CBC
AFT
BXW
CNJ
AUE
BPL
ARU
BKB
BYG
AQI
BGM
BFM
ATU
AUV
AAE
AFI
BWZ
CGV
CCZ
CTR
APZ
BBX
BHU
ANH
BFB
BJC
CTY
AWN
BVM
BVV
BLK
BLG
BUW
AWG
CPI
BPN
BTJ
CED
AUT
AXA
CJE
ALJ
CQA
ALY
BFC
ANW
AVC
BMK
CIZ
BGF
BZQ
BOK
CPC
CLJ
AKV
AGJ
CDF
ANL
ANO
AKD
CLT
BBM
AFK
BWO
CYS
AXW
ATG
AKY
CQU
CFW
CVL
BEX
CLR
ASZ
CVN
ANC
CLC
BWB
CKX
ANY
ACF
BRB
BAI
ADO
ARG
BJK
CAR
AOX
BYE
CYE
AOT
CCX
BPJ
BJL
AWV
CBF
BUQ
CTI
BZH
AVL
BFP
BTY
CKC
AIK
CJS
CBQ
CNS
CHY
CMW
AQA
BXI
AXK
AUG
BFO
BZL
BXL
BHC
BXC
CUL
BIN
AXF
CYQ
BPO
AKT
CNG
ARB
AZR
APA
CAO
CCU
CFH
BRR
CWV
AVK
BAG
AUA
COG
CRS
BNP
AED
ASB
AQG
ALG
BGR
BKG
BIS
BDL
ACY
BQI
BMA
CXT
AOK
ARC
AYD
BVW
CPG
ACN
CAA
CFO
AVN
BEM
BDW
CRW
CYM
AOF
CAZ
BHW
AVV
CJU
AFM
CGG
BHJ
CEE
BOT
AZV
CHB
CQB
AXL
BUF
AEV
BBS
CPS
CQD
ACT
CQY
BEY
BHD
BJS
AZW
AII
CAD
ADP
BVD
CND
AIA
BRY
CNY
BHZ
BOZ
CEF
CPB
ART
AGT
AYA
BUB
BWT
AYE
CDT
CWL
BKA
CSK
CVQ
BQA
CAY
CYN
CDX
BBE
CGC
CLV
AAD
CBS
ANP
BPV
BKS
ACW
ALM
AVJ
ACG
CHN
BHH
AOR
ABG
CIT
ASP
BIF
AQV
ASL
AVX
AXO
CEN
CNP
CRQ
CGJ
BMV
CAE
CVC
CJB
ACS
AXH
ADD
ABI
AVA
CVG
BCQ
CVE
CQR
BRL
CWZ
CXN
BEE
ADR
BYY
CKY
BRZ
AGY
AVH
CWC
BZN
CPY
BWS
ACJ
BTX
ANZ
AQC
CWH
AGH
CHD
CLK
CQV
CFF
BAR
CYX
BJQ
ATB
BJE
BKV
CKF
AFL
AIF
AIN
BLU
CMV
BNY
AUF
BBH
BTL
AOB
CFY
CCO
CWE
BWM
AWW
BID
APK
CEC
BOX
CYV
AEO
CPT
BZT
AYM
BWV
ALR
CNQ
AOL
AHF
CHU
CPN
BNZ
BSU
ABA
CXZ
BZU
CNE
BWU
AFH
AHG
ADY
CTJ
CTK
ADT
AZS
ALS
AGE
CBV
CNK
BAF
BFX
BKM
CMM
CTU
AFG
COJ
CMP
AKR
ARW
BYN
BCM
CMR
AQU
AZO
AWS
CWM
BYV
BHG
CJH
CRP
BXQ
CMK
CLA
AZZ
CSO
AFP
BQJ
BLL
BEG
BDF
BEK
BYW
AJZ
ALO
AOY
BWK
CFX
AQH
CQT
AUX
ABU
ALN
BBJ
AUN
CJX
BNB
CBH
BIP
APH
AYN
BKP
CMN
CSH
AAJ
BYT
CJJ
CTT
CXI
AOV
APF
BSH
BDY
CRY
BDB
AET
CMD
BXU
ABM
ALC
ATT
APT
BCD
BGD
CTE
CQI
CXE
CNA
BZS
BDX
CBY
BDN
BLC
BOS
BZY
BSC
BVE
AYF
AAB
CDY
CUN
AMM
BJY
CGH
CQM
BCL
CLB
BLH
CRV
AHP
ASD
CFM
BYM
CSI
CHV
ACU
ADN
BKF
AZN
BQS
ACM
AQB
BLA
BER
ANN
CIL
ANU
CYW
BQU
AWQ
CXR
BED
BLY
BPP
CEB
AUC
CQZ
CLD
BXX
ADZ
BAW
AEZ
AHE
CYG
CHZ
BIV
ASV
CPM
ATW
CUH
AFR
BGW
ASK
BYP
ACK
AJC
BFH
BVZ
BGQ
ACL
AEC
BMJ
CRU
BZG
COQ
CUE
AQS
AHX
AQL
BJM
ABJ
AJV
APP
BFS
BBB
BSK
CII
CTL
ANG
AHK
BQT
AGC
CIE
CFJ
AXX
CTW
BPY
AYZ
BBK
AJK
BSJ
BDS
BXB
AFC
AKH
BJO
CAP
BSG
BHY
CJZ
BQO
BFN
CIG
BEN
BWH
BOO
CGD
BOC
AVF
AXI
ASS
CXO
CYK
BXV
CSG
CQP
AXJ
AFV
AHS
CGM
BXD
BAU
CXV
COS
CXK
CLX
BLX
CAN
AAQ
AOO
BNU
CVH
AZI
AML
BWC
CFS
CHC
CWS
BIO
AJQ
BFL
CCP
CCW
ABY
BHS
ATK
CWT
AYL
BBA
CMO
ADG
ACD
AIW
CFQ
CGN
CEI
CEX
BCY
AGF
ATD
BEV
CFK
ABH
AMU
AYS
CGF
BCB
AIV
AGI
CSL
AKK
BKL
AFQ
AWO
BUE
AYI
ALU
CNC
BMG
CXM
BTP
CQE
AXG
BGZ
AOJ
CEO
CQK
AJB
BDK
AHZ
AWD
BPU
BXO
CJI
AEP
ACA
BXA
AYY
ASY
CHG
AMF
BNS
AXP
AOU
BGH
CEV
AFD
CSV
COA
ASR
BGP
BQF
ABZ
CVR
BXY
BPZ
AHW
BKR
ARX
BCX
CXA
BQN
CHM
BCG
BQR
AZF
BMY
COW
CMJ
BQX
CAC
CNF
BAS
AZE
BBO
CWR
APC
BRF
BVU
ALL
CLN
CUJ
BQB
BEZ
ADK
BCR
AVE
BOA
CSS
BFZ
CYC
BGU
BBT
CRG
CKT
AOQ
BSY
CCT
AKF
ABW
CDM
BYF
CXQ
CIS
CDZ
CSE
BEQ
BSX
CTD
AOI
AHM
AQX
ASA
AXE
AMQ
BRG
BVO
CYL
BZD
BRH
BNF
CEG
ADF
CGS
BVP
ATE
CAG
BGX
BYS
CHW
BYX
ALH
CHE
CMA
BJT
BJD
ABN
CUY
AMK
CFL
BFJ
AWP
ANR
CBN
AWE
BZM
BRS
CHP
BIM
BOD
BLF
CMS
CFA
CKD
AOG
BVX
CRT
BBI
BKT
AYX
CFU
ACV
BAE
BPA
AZD
APE
CFE
AGR
CEP
CIC
BUC
CPV
BSS
BHO
BNN
CNZ
AQF
ABF
BSQ
CID
ABQ
AEX
CMT
BRW
CWI
CKL
CKP
AZB
CEU
BOB
BDJ
BKU
AYT
AYH
BLB
AZT
CGO
ATO
AFO
CIK
BTV
BRI
COP
BEP
AJR
AWZ
BJJ
AOW
CSX
BWF
AHT
ACX
BIL
ADV
AST
BVS
BBF
COL
BDU
CGY
AEA
CJW
AQZ
AHJ
ASH
ABC
AXU
ASO
AKG
CVS
AWY
BZW
ATS
AWR
ARE
BQD
ARI
CFC
BHK
CRM
CHA
CML
AHL
AXB
CUG
BIR
BKW
CWX
AKM
BXJ
CIH
ALP
CQW
AIJ
BCZ
BAP
CGL
CTN
CDH
AWT
BNR
CTH
BOH
CDW
CHK
AUK
BYU
CSR
AZP
BMW
AVB
CVB
BHM
AWM
AJX
BHT
CDV
BNQ
ADB
BZP
CET
CKU
BGB
CEZ
ATM
CMU
BJB
ABT
CNO
CKI
CJC
CLM
BIJ
BWA
CWP
BHR
COT
AIM
CUQ
AIQ
BES
BZZ
BEH
BSF
BSV
ATZ
AYQ
BUG
CVY
BIW
BUX
CMB
AKA
CMX
CKR
AZG
BHF
CFN
BKC
BPR
CGQ
ABP
ADJ
AOM
CDE
BCC
BSM
BGO
ACC
CWF
