ARB
AEN
ASO
AMB
ABX
AMX
ANT
ADI
ACW
AGI
AFE
ALR
AAP
AFA
ARG
ANM
AJG
AEU
AFC
AGN
ACV
AQG
AHF
ALN
AIX
APZ
ADV
AFI
AFX
AGR
ALD
ATE
AKI
AGS
AQF
ABO
AMC
AKB
ANE
AOM
AHQ
AEJ
AHC
ADO
ACO
AGY
AEE
AET
AEW
AAU
ACR
ABF
ADR
AGJ
ALQ
ABB
ALA
AOE
AQA
AMD
ADK
AIF
AEZ
AJE
ACH
ADX
AMH
AEV
AHZ
ABI
ACL
ASJ
AQU
AAW
AME
ABE
ARS
AQB
AHH
AOI
APY
AJA
ATA
AHO
ALJ
AKM
ACU
AJW
AMQ
ACT
ASL
API
AEL
ARP
AGA
APF
ADQ
AKG
ABZ
ANB
ALO
AQM
ACA
AKK
AFL
ADU
ADL
AEI
AAO
AND
AAB
AEO
AIT
AER
AOB
AGL
ARQ
AEQ
ADB
ALC
APS
ABA
ACC
AJK
ABC
ARD
AGO
AHG
AAY
ARJ
AOP
AHY
ABJ
ADW
AEX
ACP
ACQ
ACD
AEM
AQE
APE
ACZ
ANR
APU
AQC
AIZ
ABP
AOY
ALI
AJC
AOW
AGE
AKD
AAV
AHV
ATB
ACN
AHT
APT
AHK
AJJ
ADY
ASV
ATF
ANO
AGU
AAE
AIJ
ANZ
AOO
AFU
AOX
AJZ
AQJ
AIC
AED
AMZ
AAM
AQL
ARF
AMT
ARH
ANS
AKE
ACB
AAI
ADS
AGW
AKW
ALB
ABW
APH
AST
AOV
AJV
AMY
ABD
ABG
AKO
AEC
AKR
AKX
ANI
AFS
AFY
ARX
ANQ
ANH
AHP
ALK
AII
AGK
ANL
ALW
ALY
ALU
ANK
ARM
AAN
AMA
ADC
AOG
AJR
AOK
AOF
AMO
AFT
AQV
ARK
AQP
ASI
AAR
ABY
AFP
AJI
ALM
AQW
AHR
APX
ASN
ACY
AMI
AHE
ANV
AON
ADE
AGQ
ADN
APB
ARE
AIV
AEA
ASS
ASD
AFJ
AJF
AOC
ABV
ARO
AMF
ARI
ARR
AAC
AKH
ALV
ADZ
ADJ
AEF
AQN
ARA
ANP
AFF
AOU
ASP
AGM
ACF
AIW
AAF
ACI
ABL
AKJ
AIK
AJP
AFK
APJ
AAS
ASH
ASZ
AEH
AIA
AAZ
APP
AFW
AOH
AFO
AJT
AQQ
AIN
AQX
ABM
AKC
ASE
AFQ
AQH
APK
ASB
AQZ
ASF
APA
AOS
ANA
AMN
ACE
AIM
ASU
APW
ABN
ALT
AGT
AIL
ACJ
ABU
ARZ
ACX
ASX
AQO
APO
ANX
AAJ
AHU
AHI
AQT
AAL
AGH
AIY
ACK
ARW
AFM
AQS
AMW
AJD
ALL
AKA
AES
ARC
APG
AGF
ADD
AJB
AEP
AIG
APM
ADP
ASR
APN
ACG
AIP
AQI
AIQ
APV
AID
ALZ
ABT
APL
AGX
AGV
AJX
AJY
AAT
ABR
AKN
AIR
ADM
AOL
ANC
AHL
AJO
AKL
ANF
ABS
ARL
ASY
AMV
ADA
AOA
APC
AQR
AOZ
AMJ
AGB
AML
AHB
AKP
ASM
AOQ
ALG
AIO
AFN
ANN
AJQ
AKV
ANY
AOR
AAH
AHA
AEG
AFD
APQ
AQD
AMR
AEB
AHS
AMG
ASA
ARY
ASQ
ASC
ACS
AHW
AOJ
AIS
AKT
AMM
AJN
AEY
AHM
AGP
AAQ
AIB
AQK
ADG
ATD
AFZ
ARU
AMU
AIU
AKZ
ALF
AFG
AFR
ADH
AOT
AEK
AKU
AGD
AHN
ANG
ARV
AMS
AJU
AFV
ADT
AAK
AGC
ANW
APR
ARN
AIH
AQY
ALS
AKF
AHJ
ALP
AFB
ART
ALH
APD
ASG
AGZ
AKQ
ABH
AMP
AMK
AOD
AAA
AAG
ABK
AJM
AKS
ANJ
ABQ
AAD
ALE
AAX
AFH
AGG
AJS
AHX
AHD
ANU
ALX
AJL
ATC
AJH
ADF
ACM
AKY
ASW
AIE
ASK
