AEL AHU AJU ADZ ASZ AIF AMA 376.81
ADL AEE AOW AKI AGH AEM AOF ATC AST AKJ AJL 834.38
AEP AOM AHS ASJ ABS ABC AAK 591.49
ABM AJJ ARN ABB ACQ AQX ADX 638.43
AAH AKS ASS ABB ARX AJY ABU AJR ABZ 506.90
APY AGO AQZ AOT AII 885.04
AHX AIM ACU APH AGY ANQ AAQ ARI AML 661.66
ALQ AIV AGB AHA AMN AMX 598.25
AFM ACF AIZ AEC AMB AFZ ASI AFF 415.37
AIR ALE ACY AEL ANT ARX ABB ACQ AIV 679.36
