ACG ADV ABQ ABE ADK ABY ABJ 812.09
ABU AAA ACK ADF 436.20
AAB AAC AAG AAM 367.81
AAC AAI ABT ADO 190.39
ACD ADH AAZ AAA ABU 860.86
AAF ADL AAV AAG AAC 430.19
ABU AAA ABE ABQ 554.69
ABI ABT 292.42
AAH ABE ABQ ADV ADP 645.42
ACD ADH AAZ AAI ABL ADI 901.97
