BKJ
AIY
ADQ
AMQ
AWU
BBY
BEQ
BDP
AIP
AJR
AZR
BCE
BDO
ANO
AUX
AIN
AIV
AMP
AJH
AAE
ARD
AGA
BEZ
BCA
ANF
BCX
AEA
BHO
AHT
BKC
AZI
BBA
AKT
BLI
AHH
BLY
AYT
BFX
AUS
BED
AHU
ALH
ACP
AJQ
AHD
BJY
AGR
AIW
AVU
AUH
AKD
ADP
AGP
AZB
BHH
BGN
AWF
BAY
BAO
AHR
ALK
AEL
AQC
ALB
ASJ
ASU
AEG
APE
AOW
ASF
BIN
BJG
ADA
ATR
AOK
ANJ
AQA
AQN
ACQ
BHG
ANP
APF
BLQ
AMG
AZT
AUO
ASM
BDL
AMR
AFB
AIT
BMJ
AKA
BME
ARO
BKG
BHU
BEI
AHI
ART
ANS
BAD
APH
BDI
BDT
AQM
BGG
AEN
AWI
AKS
ACT
ABX
AUB
ANL
ADV
BFI
APX
BKD
AAQ
AWB
BLK
AQQ
AKQ
AKL
BJH
BGV
AQP
APC
BBD
AFO
AAT
BBX
ACG
AFT
AEE
AAC
ARX
ALE
BAA
BFQ
ABR
BKX
BDU
AOZ
AWO
AQB
ABS
AAB
ATZ
BBE
APP
AQL
BHF
BHL
AES
BFN
AVP
BHT
ASC
ATV
BGY
ACM
AZJ
BDE
BLP
APG
AGQ
ASW
BCQ
AXF
BBU
AYQ
AGM
BJD
BBH
BER
BCP
ATM
AGX
AMC
ACA
ACB
AYJ
AHM
AVF
BBL
ALV
AFV
ADJ
AMA
AZX
AUD
BEF
BBF
ANG
AMT
AMY
AKB
ASO
BFW
BIZ
ARL
AGT
ACD
AGS
BDS
AYC
ATQ
AWN
AQH
BKA
ARI
ATW
AVQ
AWE
AZF
BML
BJK
AVD
AGN
AZO
BDK
BLG
ABU
BHN
ADN
ANI
AIE
AMI
BBC
AWQ
BCS
BFA
BGM
AGY
AZW
BHC
BDD
BBB
AFX
BJV
AWD
AGJ
ABI
BBO
AHA
APK
BCI
BBP
BJT
ALS
ACN
BDN
BBJ
AYU
BLM
AIO
BJF
ATH
AOR
AVC
BEE
AUL
BET
AXI
AXP
BHR
AYO
AXC
ASV
BBW
BEG
ALG
BAB
AFS
AJC
BEJ
BCL
AVH
AFU
BCR
BDC
AUV
BKB
AVZ
BAK
BDZ
BMC
AXT
BGO
BEO
AAP
ARG
AHN
AXQ
ASD
BLB
AXB
BBI
APB
BDG
ASQ
BLR
BLJ
AKN
BCJ
BIH
AAV
ARN
ASE
ADW
ACW
BMF
AEH
BCM
AJP
ATA
AAU
BKS
AIM
AGO
ACO
ALT
BJQ
AEP
BFB
AHW
AAA
AMH
AFL
AYB
ACS
AKI
AFP
AKH
ARJ
BHI
ADF
AGD
AZE
AFI
AKJ
ABW
BIE
AJF
ANT
ABE
AMM
AMX
AGZ
AOV
AAH
AYK
ADU
ALD
BKH
BMB
APD
BFK
BIM
AAK
AXN
AXX
AQG
BKT
ACR
ACZ
BGB
BJW
ADK
ANB
AWM
ATC
AVO
AVT
AWW
ALX
AXV
BGD
BGW
AUR
ALC
APZ
AKF
ALY
AJK
AMN
AAM
BAZ
BKV
AIZ
AII
BGE
AQI
BBR
API
BBZ
BHS
ABQ
ABK
BBG
ABV
AJZ
AFQ
ANZ
BFC
AFA
AZH
ANX
BKY
ATY
AVM
AJW
AYW
AYA
APL
BFF
ABD
BFY
AUY
ANQ
ATO
AAY
AKY
ACC
AST
BIL
AGK
AMJ
ARH
ABJ
BCH
APR
BFS
ADO
BEV
AGU
BAJ
AGC
AYG
AUE
BCT
BFP
BEP
AYV
AKE
BCC
AXM
BHA
AAL
AMD
AME
AYX
BCU
ACY
ARV
ATD
ABO
ACV
AHG
BHX
BMH
AYP
BJP
AKW
AUW
BDY
BJO
AER
ADD
BHV
BEL
BMA
AAR
BIY
AZG
BCF
AWZ
AVN
BHZ
BID
BLW
ANE
BDH
AWK
AID
AEJ
ASR
AMO
BCB
AJD
AWP
AXR
AXL
AZP
BDV
BDB
AYN
BKW
BAQ
AWC
AJM
AAF
AQT
ADG
BLN
BAR
AMB
BKF
BLD
BFH
ABF
AJV
AKR
AMS
ARQ
ANK
BIC
BES
ANR
ASA
AOM
AUP
AUU
AHJ
AHX
AOE
AFJ
ARB
ABH
BLC
AXU
AVX
AIS
BKN
AUK
BHE
BDM
ARR
AEX
BIA
BAT
AVW
BKI
AXZ
BLL
ACH
AHB
BIS
ADX
AFK
AJJ
AOT
BIU
AOS
APA
ATF
BGF
BLX
BII
AZZ
BJJ
ADS
AZL
APS
ATS
AQZ
BFO
BGP
ASK
AUM
BEH
ACK
ATU
ACI
BIO
ALO
AHQ
AVK
BCO
AEV
ABL
AKP
AFR
ANW
BIR
AJB
BJU
BJZ
ALZ
ALI
BGH
AZM
ALU
AND
BLT
BEC
AHF
AKG
ALP
ATK
AQK
AET
AHL
BAW
AFC
BEX
AFD
BAV
AUZ
AIX
AVY
AOO
BAE
BLS
BAM
BMD
BHD
AJE
ASX
BAN
AZQ
AGV
AZY
ALW
AUQ
AWV
AQS
AYL
ALQ
BAL
ARS
AXD
AKU
ALM
AOJ
ATN
ASG
BJM
AOA
ACE
APO
AZN
APW
ACJ
APJ
BJR
BAF
BCK
BIG
BJA
AQD
BCY
BFU
AHV
BKU
BDF
AYI
AGI
BGK
ANN
AAD
AHY
BDQ
BEY
ASP
BCN
AGH
ANH
AJU
BAC
ARC
AEZ
AQV
AYS
BIF
ATT
AUC
AJO
AXO
APN
BHJ
AFG
AIU
AOC
AOU
APV
ADL
AZV
AAO
BGZ
AEY
AIA
ACX
AQJ
BLZ
ARP
AQO
AHS
AWT
ASB
BFT
AOH
AAJ
ALR
AZA
BFG
AZK
ALJ
AOB
BKQ
AXH
AOD
BAU
ALN
AVL
AKV
AWJ
ASZ
AGF
BIP
ABT
BLV
AGG
AJY
BBT
AYF
BJN
BKE
AJI
BBM
ABA
ARF
AEO
BGR
BFL
AIK
BFZ
BEW
AFF
ATG
AGL
BBK
AFH
AOI
AQX
ACU
BLE
AKC
AIB
AJN
AGB
BEM
BAX
AUI
BFV
AOX
BLH
AMW
AAN
ADI
AWL
ALA
AJL
AUJ
AHP
AFW
AEK
AMF
AVE
AAX
ABB
BBS
ARZ
AQW
AVG
AKX
BDX
AUN
ATB
BIW
BFE
AEW
AXA
ARM
BKK
AZU
BFR
BKZ
AXE
AEQ
AEC
AON
ALF
BJB
ADZ
AAS
ABN
BGI
AUF
ABY
AAZ
AHO
AOL
AKM
BAI
BFM
BEB
AWY
AWX
BGU
AED
AML
ANM
ACF
ARU
BBQ
AWH
ADR
ABG
BDA
BGX
ADE
ABP
AWA
BMG
AIG
ASL
BGJ
BLU
BIJ
AXK
AAG
ADH
AFY
BCZ
AHZ
AUG
BKL
AIL
AOG
BLA
AFN
AFZ
AYE
BHQ
AAI
AVR
AOY
AEF
AAW
ASY
ADC
AEB
AGW
APU
AVV
BBN
AIQ
BCG
ABZ
AYZ
BCD
BHB
AYH
AIF
AIJ
AEM
AQY
AMZ
AHC
AZS
BBV
BIQ
AMU
ATX
ANY
AFM
AQE
BHY
BEN
ARW
BHP
BJS
BGS
APQ
AQF
APT
BLO
BGL
APM
AYD
ADY
ASI
BMI
AYY
BGT
BDR
BIT
BIX
AWR
BAG
BGC
ABM
ATE
ALL
BIK
ANA
BJC
AMV
AYR
BDW
AWS
AXJ
AIR
ANC
AVI
BIB
ATP
AEI
AVB
ARA
AJG
AFE
BJE
AJX
ABC
ARY
AIC
ATJ
BHK
BKM
BHM
AVS
ATL
AOP
AXY
AKZ
AHE
AUT
AEU
ADM
AXG
BEU
ASN
BCW
ATI
AKK
BGA
BFJ
AHK
AWG
BLF
BDJ
ADT
AJA
ARK
AXW
BAS
AZC
BJI
ASS
ASH
AOF
ACL
AOQ
ANU
APY
BAH
AIH
BAP
AGE
AVA
BKR
BFD
BEA
ARE
AZD
AQR
BEK
BIV
BCV
AYM
ADB
AKO
BKP
AJS
AXS
AJT
AVJ
ANV
AQU
BJX
AMK
AUA
BMK
BGQ
BJL
BHW
BKO
