CEV BHP CVZ AJQ CUC CTY AIA BVR COZ 379.36
CXU CGA ASG BXS BXE BGN CQM BJM BWN BSD CTA BOM ABL 688.82
CKV BMP CTX BEO ADM CNA AWR ACJ ANJ 770.11
CST AVM AKL CDD CBT ASE 901.96
AIJ BWB AWJ AID AGS AEK 565.14
AOP CXF BZG ABM CLK AID APF AVC 715.30
AJQ CUC BYD AKN CDD CBT AVQ 298.37
AFR AJB CDZ AVB BQY CMU BSU BOO APK 534.05
AOT CJB ABP CYT AEA APJ BJX AVN 1004.13
BJU BDF ARP ABW ADN BWX ASB BMI BAZ AWN 623.27
