BES AHB BKL ABI AVC 366.69
BAG AOV AWL AWX BDF AJN BKL ABI AVC AEB AXG ATO ASC ACT 742.54
AFS AXW BEU AOE BKN AUR BBP ALU 559.12
AKY BMJ AJD AMQ BAO BLW BCJ AWU BDV AHE AYR BIG AGO BGU 897.63
AJK AMS BII ACC BEK AOL AOC 779.56
AEN BEK BAH AXG AEB AVC BLP BIC BCL ANO 1315.50
AVD AZW ABH AZE AZI BLC BID AHN 865.53
AMC AWG AHM AGW AYS AMT 512.27
AHT AMC AAJ BKH ABT AVN AVI AED BLV 734.82
BKT BLK APB BKC ABT BKH AMK BGF BEZ AMY 523.30
