AAU
AAI
AAF
AAQ
ABC
AAK
AAM
ABO
AAA
ABF
AAE
ABM
ABX
AAJ
AAZ
AAN
AAX
ABB
ABP
AAS
ABI
AAH
ABR
ABW
ABD
AAO
AAL
AAW
AAB
AAP
ABL
ABQ
ABU
ABV
AAV
ABS
ABJ
ABT
AAG
ABG
AAR
AAD
AAY
ABH
ABE
ABK
ABN
AAC
AAT
ABA
